Archive member included to satisfy reference by file (symbol)

c:/program files (x86)/atmel/studio/7.0/toolchain/avr8/avr8-gnu-toolchain/bin/../lib/gcc/avr/5.4.0/avr5\libgcc.a(_exit.o)
                              C:/Program Files (x86)/Atmel/Studio/7.0/Packs/Atmel/ATmega_DFP/1.3.300/gcc/dev/atmega32/avr5/crtatmega32.o (exit)
c:/program files (x86)/atmel/studio/7.0/toolchain/avr8/avr8-gnu-toolchain/bin/../lib/gcc/avr/5.4.0/avr5\libgcc.a(_copy_data.o)
                              main.o (__do_copy_data)
c:/program files (x86)/atmel/studio/7.0/toolchain/avr8/avr8-gnu-toolchain/bin/../lib/gcc/avr/5.4.0/../../../../avr/lib/avr5\libc.a(ltoa.o)
                              LCD.o (ltoa)
c:/program files (x86)/atmel/studio/7.0/toolchain/avr8/avr8-gnu-toolchain/bin/../lib/gcc/avr/5.4.0/../../../../avr/lib/avr5\libc.a(ltoa_ncheck.o)
                              c:/program files (x86)/atmel/studio/7.0/toolchain/avr8/avr8-gnu-toolchain/bin/../lib/gcc/avr/5.4.0/../../../../avr/lib/avr5\libc.a(ltoa.o) (__ltoa_ncheck)
c:/program files (x86)/atmel/studio/7.0/toolchain/avr8/avr8-gnu-toolchain/bin/../lib/gcc/avr/5.4.0/../../../../avr/lib/avr5\libc.a(ultoa_ncheck.o)
                              c:/program files (x86)/atmel/studio/7.0/toolchain/avr8/avr8-gnu-toolchain/bin/../lib/gcc/avr/5.4.0/../../../../avr/lib/avr5\libc.a(ltoa_ncheck.o) (__ultoa_common)
c:/program files (x86)/atmel/studio/7.0/toolchain/avr8/avr8-gnu-toolchain/bin/../lib/gcc/avr/5.4.0/../../../../avr/lib/avr5\libc.a(strrev.o)
                              c:/program files (x86)/atmel/studio/7.0/toolchain/avr8/avr8-gnu-toolchain/bin/../lib/gcc/avr/5.4.0/../../../../avr/lib/avr5\libc.a(ultoa_ncheck.o) (strrev)

Discarded input sections

 .data          0x00000000        0x0 C:/Program Files (x86)/Atmel/Studio/7.0/Packs/Atmel/ATmega_DFP/1.3.300/gcc/dev/atmega32/avr5/crtatmega32.o
 .bss           0x00000000        0x0 C:/Program Files (x86)/Atmel/Studio/7.0/Packs/Atmel/ATmega_DFP/1.3.300/gcc/dev/atmega32/avr5/crtatmega32.o
 .text          0x00000000        0x0 DIO.o
 .data          0x00000000        0x0 DIO.o
 .bss           0x00000000        0x0 DIO.o
 .text.DIO_TogglePin
                0x00000000       0x68 DIO.o
 .text.DIO_ReadPin_Value
                0x00000000       0x68 DIO.o
 .text.DIO_SetPort_Direction
                0x00000000       0x20 DIO.o
 .text.DIO_SetPort_Value
                0x00000000       0x20 DIO.o
 .text.DIO_TogglePort
                0x00000000       0x30 DIO.o
 .text.DIO_ReadPort_Value
                0x00000000       0x30 DIO.o
 .text.DIO_SetPULLUP
                0x00000000       0x68 DIO.o
 .text          0x00000000        0x0 LCD.o
 .data          0x00000000        0x0 LCD.o
 .bss           0x00000000        0x0 LCD.o
 .text.LCD_Write_Number
                0x00000000       0x3c LCD.o
 .text          0x00000000        0x0 LED.o
 .data          0x00000000        0x0 LED.o
 .bss           0x00000000        0x0 LED.o
 .text.LED0_TGL
                0x00000000        0xa LED.o
 .text.LED1_TGL
                0x00000000        0xa LED.o
 .text          0x00000000        0x0 main.o
 .data          0x00000000        0x0 main.o
 .bss           0x00000000        0x0 main.o
 .text          0x00000000        0x0 SPI.o
 .data          0x00000000        0x0 SPI.o
 .bss           0x00000000        0x0 SPI.o
 .text.SPI_RECEIVE
                0x00000000        0x8 SPI.o
 .text          0x00000000        0x0 UART.o
 .data          0x00000000        0x0 UART.o
 .bss           0x00000000        0x0 UART.o
 .text.UART_Tx  0x00000000        0x8 UART.o
 .text.UART_Transmit
                0x00000000        0xa UART.o
 .text.UART_Receive
                0x00000000        0xc UART.o
 .text.UART_Receive_Data
                0x00000000        0xe UART.o
 .text.UART_Tx_STR
                0x00000000       0x2a UART.o
 .text.UART_Rx_STR
                0x00000000        0x8 UART.o
 .text          0x00000000        0x0 c:/program files (x86)/atmel/studio/7.0/toolchain/avr8/avr8-gnu-toolchain/bin/../lib/gcc/avr/5.4.0/avr5\libgcc.a(_exit.o)
 .data          0x00000000        0x0 c:/program files (x86)/atmel/studio/7.0/toolchain/avr8/avr8-gnu-toolchain/bin/../lib/gcc/avr/5.4.0/avr5\libgcc.a(_exit.o)
 .bss           0x00000000        0x0 c:/program files (x86)/atmel/studio/7.0/toolchain/avr8/avr8-gnu-toolchain/bin/../lib/gcc/avr/5.4.0/avr5\libgcc.a(_exit.o)
 .text.libgcc.mul
                0x00000000        0x0 c:/program files (x86)/atmel/studio/7.0/toolchain/avr8/avr8-gnu-toolchain/bin/../lib/gcc/avr/5.4.0/avr5\libgcc.a(_exit.o)
 .text.libgcc.div
                0x00000000        0x0 c:/program files (x86)/atmel/studio/7.0/toolchain/avr8/avr8-gnu-toolchain/bin/../lib/gcc/avr/5.4.0/avr5\libgcc.a(_exit.o)
 .text.libgcc   0x00000000        0x0 c:/program files (x86)/atmel/studio/7.0/toolchain/avr8/avr8-gnu-toolchain/bin/../lib/gcc/avr/5.4.0/avr5\libgcc.a(_exit.o)
 .text.libgcc.prologue
                0x00000000        0x0 c:/program files (x86)/atmel/studio/7.0/toolchain/avr8/avr8-gnu-toolchain/bin/../lib/gcc/avr/5.4.0/avr5\libgcc.a(_exit.o)
 .text.libgcc.builtins
                0x00000000        0x0 c:/program files (x86)/atmel/studio/7.0/toolchain/avr8/avr8-gnu-toolchain/bin/../lib/gcc/avr/5.4.0/avr5\libgcc.a(_exit.o)
 .text.libgcc.fmul
                0x00000000        0x0 c:/program files (x86)/atmel/studio/7.0/toolchain/avr8/avr8-gnu-toolchain/bin/../lib/gcc/avr/5.4.0/avr5\libgcc.a(_exit.o)
 .text.libgcc.fixed
                0x00000000        0x0 c:/program files (x86)/atmel/studio/7.0/toolchain/avr8/avr8-gnu-toolchain/bin/../lib/gcc/avr/5.4.0/avr5\libgcc.a(_exit.o)
 .text          0x00000000        0x0 c:/program files (x86)/atmel/studio/7.0/toolchain/avr8/avr8-gnu-toolchain/bin/../lib/gcc/avr/5.4.0/avr5\libgcc.a(_copy_data.o)
 .data          0x00000000        0x0 c:/program files (x86)/atmel/studio/7.0/toolchain/avr8/avr8-gnu-toolchain/bin/../lib/gcc/avr/5.4.0/avr5\libgcc.a(_copy_data.o)
 .bss           0x00000000        0x0 c:/program files (x86)/atmel/studio/7.0/toolchain/avr8/avr8-gnu-toolchain/bin/../lib/gcc/avr/5.4.0/avr5\libgcc.a(_copy_data.o)
 .text.libgcc.mul
                0x00000000        0x0 c:/program files (x86)/atmel/studio/7.0/toolchain/avr8/avr8-gnu-toolchain/bin/../lib/gcc/avr/5.4.0/avr5\libgcc.a(_copy_data.o)
 .text.libgcc.div
                0x00000000        0x0 c:/program files (x86)/atmel/studio/7.0/toolchain/avr8/avr8-gnu-toolchain/bin/../lib/gcc/avr/5.4.0/avr5\libgcc.a(_copy_data.o)
 .text.libgcc   0x00000000        0x0 c:/program files (x86)/atmel/studio/7.0/toolchain/avr8/avr8-gnu-toolchain/bin/../lib/gcc/avr/5.4.0/avr5\libgcc.a(_copy_data.o)
 .text.libgcc.prologue
                0x00000000        0x0 c:/program files (x86)/atmel/studio/7.0/toolchain/avr8/avr8-gnu-toolchain/bin/../lib/gcc/avr/5.4.0/avr5\libgcc.a(_copy_data.o)
 .text.libgcc.builtins
                0x00000000        0x0 c:/program files (x86)/atmel/studio/7.0/toolchain/avr8/avr8-gnu-toolchain/bin/../lib/gcc/avr/5.4.0/avr5\libgcc.a(_copy_data.o)
 .text.libgcc.fmul
                0x00000000        0x0 c:/program files (x86)/atmel/studio/7.0/toolchain/avr8/avr8-gnu-toolchain/bin/../lib/gcc/avr/5.4.0/avr5\libgcc.a(_copy_data.o)
 .text.libgcc.fixed
                0x00000000        0x0 c:/program files (x86)/atmel/studio/7.0/toolchain/avr8/avr8-gnu-toolchain/bin/../lib/gcc/avr/5.4.0/avr5\libgcc.a(_copy_data.o)
 .text          0x00000000        0x0 c:/program files (x86)/atmel/studio/7.0/toolchain/avr8/avr8-gnu-toolchain/bin/../lib/gcc/avr/5.4.0/../../../../avr/lib/avr5\libc.a(ltoa.o)
 .data          0x00000000        0x0 c:/program files (x86)/atmel/studio/7.0/toolchain/avr8/avr8-gnu-toolchain/bin/../lib/gcc/avr/5.4.0/../../../../avr/lib/avr5\libc.a(ltoa.o)
 .bss           0x00000000        0x0 c:/program files (x86)/atmel/studio/7.0/toolchain/avr8/avr8-gnu-toolchain/bin/../lib/gcc/avr/5.4.0/../../../../avr/lib/avr5\libc.a(ltoa.o)
 .text.avr-libc
                0x00000000       0x16 c:/program files (x86)/atmel/studio/7.0/toolchain/avr8/avr8-gnu-toolchain/bin/../lib/gcc/avr/5.4.0/../../../../avr/lib/avr5\libc.a(ltoa.o)
 .text          0x00000000        0x0 c:/program files (x86)/atmel/studio/7.0/toolchain/avr8/avr8-gnu-toolchain/bin/../lib/gcc/avr/5.4.0/../../../../avr/lib/avr5\libc.a(ltoa_ncheck.o)
 .data          0x00000000        0x0 c:/program files (x86)/atmel/studio/7.0/toolchain/avr8/avr8-gnu-toolchain/bin/../lib/gcc/avr/5.4.0/../../../../avr/lib/avr5\libc.a(ltoa_ncheck.o)
 .bss           0x00000000        0x0 c:/program files (x86)/atmel/studio/7.0/toolchain/avr8/avr8-gnu-toolchain/bin/../lib/gcc/avr/5.4.0/../../../../avr/lib/avr5\libc.a(ltoa_ncheck.o)
 .text.avr-libc
                0x00000000       0x1e c:/program files (x86)/atmel/studio/7.0/toolchain/avr8/avr8-gnu-toolchain/bin/../lib/gcc/avr/5.4.0/../../../../avr/lib/avr5\libc.a(ltoa_ncheck.o)
 .text          0x00000000        0x0 c:/program files (x86)/atmel/studio/7.0/toolchain/avr8/avr8-gnu-toolchain/bin/../lib/gcc/avr/5.4.0/../../../../avr/lib/avr5\libc.a(ultoa_ncheck.o)
 .data          0x00000000        0x0 c:/program files (x86)/atmel/studio/7.0/toolchain/avr8/avr8-gnu-toolchain/bin/../lib/gcc/avr/5.4.0/../../../../avr/lib/avr5\libc.a(ultoa_ncheck.o)
 .bss           0x00000000        0x0 c:/program files (x86)/atmel/studio/7.0/toolchain/avr8/avr8-gnu-toolchain/bin/../lib/gcc/avr/5.4.0/../../../../avr/lib/avr5\libc.a(ultoa_ncheck.o)
 .text.avr-libc
                0x00000000       0x44 c:/program files (x86)/atmel/studio/7.0/toolchain/avr8/avr8-gnu-toolchain/bin/../lib/gcc/avr/5.4.0/../../../../avr/lib/avr5\libc.a(ultoa_ncheck.o)
 .text          0x00000000        0x0 c:/program files (x86)/atmel/studio/7.0/toolchain/avr8/avr8-gnu-toolchain/bin/../lib/gcc/avr/5.4.0/../../../../avr/lib/avr5\libc.a(strrev.o)
 .data          0x00000000        0x0 c:/program files (x86)/atmel/studio/7.0/toolchain/avr8/avr8-gnu-toolchain/bin/../lib/gcc/avr/5.4.0/../../../../avr/lib/avr5\libc.a(strrev.o)
 .bss           0x00000000        0x0 c:/program files (x86)/atmel/studio/7.0/toolchain/avr8/avr8-gnu-toolchain/bin/../lib/gcc/avr/5.4.0/../../../../avr/lib/avr5\libc.a(strrev.o)
 .text.avr-libc
                0x00000000       0x20 c:/program files (x86)/atmel/studio/7.0/toolchain/avr8/avr8-gnu-toolchain/bin/../lib/gcc/avr/5.4.0/../../../../avr/lib/avr5\libc.a(strrev.o)

Memory Configuration

Name             Origin             Length             Attributes
text             0x00000000         0x00020000         xr
data             0x00800060         0x0000ffa0         rw !x
eeprom           0x00810000         0x00010000         rw !x
fuse             0x00820000         0x00000002         rw !x
lock             0x00830000         0x00000400         rw !x
signature        0x00840000         0x00000400         rw !x
user_signatures  0x00850000         0x00000400         rw !x
*default*        0x00000000         0xffffffff

Linker script and memory map

LOAD C:/Program Files (x86)/Atmel/Studio/7.0/Packs/Atmel/ATmega_DFP/1.3.300/gcc/dev/atmega32/avr5/crtatmega32.o
LOAD DIO.o
LOAD LCD.o
LOAD LED.o
LOAD main.o
LOAD SPI.o
LOAD UART.o
START GROUP
LOAD c:/program files (x86)/atmel/studio/7.0/toolchain/avr8/avr8-gnu-toolchain/bin/../lib/gcc/avr/5.4.0/../../../../avr/lib/avr5\libm.a
END GROUP
START GROUP
LOAD c:/program files (x86)/atmel/studio/7.0/toolchain/avr8/avr8-gnu-toolchain/bin/../lib/gcc/avr/5.4.0/avr5\libgcc.a
LOAD c:/program files (x86)/atmel/studio/7.0/toolchain/avr8/avr8-gnu-toolchain/bin/../lib/gcc/avr/5.4.0/../../../../avr/lib/avr5\libm.a
LOAD c:/program files (x86)/atmel/studio/7.0/toolchain/avr8/avr8-gnu-toolchain/bin/../lib/gcc/avr/5.4.0/../../../../avr/lib/avr5\libc.a
LOAD C:/Program Files (x86)/Atmel/Studio/7.0/Packs/Atmel/ATmega_DFP/1.3.300/gcc/dev/atmega32/avr5\libatmega32.a
END GROUP
                0x00020000                __TEXT_REGION_LENGTH__ = DEFINED (__TEXT_REGION_LENGTH__)?__TEXT_REGION_LENGTH__:0x20000
                0x0000ffa0                __DATA_REGION_LENGTH__ = DEFINED (__DATA_REGION_LENGTH__)?__DATA_REGION_LENGTH__:0xffa0
                0x00010000                __EEPROM_REGION_LENGTH__ = DEFINED (__EEPROM_REGION_LENGTH__)?__EEPROM_REGION_LENGTH__:0x10000
                [0x00000002]                __FUSE_REGION_LENGTH__ = DEFINED (__FUSE_REGION_LENGTH__)?__FUSE_REGION_LENGTH__:0x400
                0x00000400                __LOCK_REGION_LENGTH__ = DEFINED (__LOCK_REGION_LENGTH__)?__LOCK_REGION_LENGTH__:0x400
                0x00000400                __SIGNATURE_REGION_LENGTH__ = DEFINED (__SIGNATURE_REGION_LENGTH__)?__SIGNATURE_REGION_LENGTH__:0x400
                0x00000400                __USER_SIGNATURE_REGION_LENGTH__ = DEFINED (__USER_SIGNATURE_REGION_LENGTH__)?__USER_SIGNATURE_REGION_LENGTH__:0x400

.hash
 *(.hash)

.dynsym
 *(.dynsym)

.dynstr
 *(.dynstr)

.gnu.version
 *(.gnu.version)

.gnu.version_d
 *(.gnu.version_d)

.gnu.version_r
 *(.gnu.version_r)

.rel.init
 *(.rel.init)

.rela.init
 *(.rela.init)

.rel.text
 *(.rel.text)
 *(.rel.text.*)
 *(.rel.gnu.linkonce.t*)

.rela.text
 *(.rela.text)
 *(.rela.text.*)
 *(.rela.gnu.linkonce.t*)

.rel.fini
 *(.rel.fini)

.rela.fini
 *(.rela.fini)

.rel.rodata
 *(.rel.rodata)
 *(.rel.rodata.*)
 *(.rel.gnu.linkonce.r*)

.rela.rodata
 *(.rela.rodata)
 *(.rela.rodata.*)
 *(.rela.gnu.linkonce.r*)

.rel.data
 *(.rel.data)
 *(.rel.data.*)
 *(.rel.gnu.linkonce.d*)

.rela.data
 *(.rela.data)
 *(.rela.data.*)
 *(.rela.gnu.linkonce.d*)

.rel.ctors
 *(.rel.ctors)

.rela.ctors
 *(.rela.ctors)

.rel.dtors
 *(.rel.dtors)

.rela.dtors
 *(.rela.dtors)

.rel.got
 *(.rel.got)

.rela.got
 *(.rela.got)

.rel.bss
 *(.rel.bss)

.rela.bss
 *(.rela.bss)

.rel.plt
 *(.rel.plt)

.rela.plt
 *(.rela.plt)

.text           0x00000000      0x564
 *(.vectors)
 .vectors       0x00000000       0x54 C:/Program Files (x86)/Atmel/Studio/7.0/Packs/Atmel/ATmega_DFP/1.3.300/gcc/dev/atmega32/avr5/crtatmega32.o
                0x00000000                __vector_default
                0x00000000                __vectors
 *(.vectors)
 *(.progmem.gcc*)
                0x00000054                . = ALIGN (0x2)
                0x00000054                __trampolines_start = .
 *(.trampolines)
 .trampolines   0x00000054        0x0 linker stubs
 *(.trampolines*)
                0x00000054                __trampolines_end = .
 *libprintf_flt.a:*(.progmem.data)
 *libc.a:*(.progmem.data)
 *(.progmem*)
                0x00000054                . = ALIGN (0x2)
 *(.jumptables)
 *(.jumptables*)
 *(.lowtext)
 *(.lowtext*)
                0x00000054                __ctors_start = .
 *(.ctors)
                0x00000054                __ctors_end = .
                0x00000054                __dtors_start = .
 *(.dtors)
                0x00000054                __dtors_end = .
 SORT(*)(.ctors)
 SORT(*)(.dtors)
 *(.init0)
 .init0         0x00000054        0x0 C:/Program Files (x86)/Atmel/Studio/7.0/Packs/Atmel/ATmega_DFP/1.3.300/gcc/dev/atmega32/avr5/crtatmega32.o
                0x00000054                __init
 *(.init0)
 *(.init1)
 *(.init1)
 *(.init2)
 .init2         0x00000054        0xc C:/Program Files (x86)/Atmel/Studio/7.0/Packs/Atmel/ATmega_DFP/1.3.300/gcc/dev/atmega32/avr5/crtatmega32.o
 *(.init2)
 *(.init3)
 *(.init3)
 *(.init4)
 .init4         0x00000060       0x16 c:/program files (x86)/atmel/studio/7.0/toolchain/avr8/avr8-gnu-toolchain/bin/../lib/gcc/avr/5.4.0/avr5\libgcc.a(_copy_data.o)
                0x00000060                __do_copy_data
 *(.init4)
 *(.init5)
 *(.init5)
 *(.init6)
 *(.init6)
 *(.init7)
 *(.init7)
 *(.init8)
 *(.init8)
 *(.init9)
 .init9         0x00000076        0x8 C:/Program Files (x86)/Atmel/Studio/7.0/Packs/Atmel/ATmega_DFP/1.3.300/gcc/dev/atmega32/avr5/crtatmega32.o
 *(.init9)
 *(.text)
 .text          0x0000007e        0x4 C:/Program Files (x86)/Atmel/Studio/7.0/Packs/Atmel/ATmega_DFP/1.3.300/gcc/dev/atmega32/avr5/crtatmega32.o
                0x0000007e                __vector_1
                0x0000007e                __vector_12
                0x0000007e                __bad_interrupt
                0x0000007e                __vector_6
                0x0000007e                __vector_3
                0x0000007e                __vector_11
                0x0000007e                __vector_13
                0x0000007e                __vector_17
                0x0000007e                __vector_19
                0x0000007e                __vector_7
                0x0000007e                __vector_5
                0x0000007e                __vector_4
                0x0000007e                __vector_9
                0x0000007e                __vector_2
                0x0000007e                __vector_15
                0x0000007e                __vector_8
                0x0000007e                __vector_14
                0x0000007e                __vector_10
                0x0000007e                __vector_16
                0x0000007e                __vector_18
                0x0000007e                __vector_20
                0x00000082                . = ALIGN (0x2)
 *(.text.*)
 .text.DIO_SetPin_Direction
                0x00000082       0xe2 DIO.o
                0x00000082                DIO_SetPin_Direction
 .text.DIO_SetPin_Value
                0x00000164       0xe2 DIO.o
                0x00000164                DIO_SetPin_Value
 .text.LCD_Write_Command
                0x00000246       0x90 LCD.o
                0x00000246                LCD_Write_Command
 .text.LCD_Init
                0x000002d6       0x84 LCD.o
                0x000002d6                LCD_Init
 .text.LCD_Write_Data
                0x0000035a       0x90 LCD.o
                0x0000035a                LCD_Write_Data
 .text.LCD_Clear
                0x000003ea        0x8 LCD.o
                0x000003ea                LCD_Clear
 .text.LCD_Write_String
                0x000003f2       0x2a LCD.o
                0x000003f2                LCD_Write_String
 .text.LED0_Init
                0x0000041c        0xc LED.o
                0x0000041c                LED0_Init
 .text.LED0_ON  0x00000428        0xc LED.o
                0x00000428                LED0_ON
 .text.LED0_OFF
                0x00000434        0xc LED.o
                0x00000434                LED0_OFF
 .text.LED1_Init
                0x00000440        0xc LED.o
                0x00000440                LED1_Init
 .text.LED1_ON  0x0000044c        0xc LED.o
                0x0000044c                LED1_ON
 .text.LED1_OFF
                0x00000458        0xc LED.o
                0x00000458                LED1_OFF
 .text.main     0x00000464       0xca main.o
                0x00000464                main
 .text.SPI_INIT
                0x0000052e        0xe SPI.o
                0x0000052e                SPI_INIT
 .text.SPI_TRANSMIT
                0x0000053c        0x8 SPI.o
                0x0000053c                SPI_TRANSMIT
 .text.SPI_SLAVESELECT
                0x00000544        0x4 SPI.o
                0x00000544                SPI_SLAVESELECT
 .text.UART_Init
                0x00000548       0x10 UART.o
                0x00000548                UART_Init
 .text.UART_Rx  0x00000558        0x8 UART.o
                0x00000558                UART_Rx
                0x00000560                . = ALIGN (0x2)
 *(.fini9)
 .fini9         0x00000560        0x0 c:/program files (x86)/atmel/studio/7.0/toolchain/avr8/avr8-gnu-toolchain/bin/../lib/gcc/avr/5.4.0/avr5\libgcc.a(_exit.o)
                0x00000560                _exit
                0x00000560                exit
 *(.fini9)
 *(.fini8)
 *(.fini8)
 *(.fini7)
 *(.fini7)
 *(.fini6)
 *(.fini6)
 *(.fini5)
 *(.fini5)
 *(.fini4)
 *(.fini4)
 *(.fini3)
 *(.fini3)
 *(.fini2)
 *(.fini2)
 *(.fini1)
 *(.fini1)
 *(.fini0)
 .fini0         0x00000560        0x4 c:/program files (x86)/atmel/studio/7.0/toolchain/avr8/avr8-gnu-toolchain/bin/../lib/gcc/avr/5.4.0/avr5\libgcc.a(_exit.o)
 *(.fini0)
                0x00000564                _etext = .

.data           0x00800060        0x8 load address 0x00000564
                0x00800060                PROVIDE (__data_start, .)
 *(.data)
 *(.data*)
 *(.gnu.linkonce.d*)
 *(.rodata)
 *(.rodata*)
 .rodata.str1.1
                0x00800060        0x8 main.o
 *(.gnu.linkonce.r*)
                0x00800068                . = ALIGN (0x2)
                0x00800068                _edata = .
                0x00800068                PROVIDE (__data_end, .)

.bss            0x00800068        0x0
                [!provide]                PROVIDE (__bss_start, .)
 *(.bss)
 *(.bss*)
 *(COMMON)
                [!provide]                PROVIDE (__bss_end, .)
                0x00000564                __data_load_start = LOADADDR (.data)
                0x0000056c                __data_load_end = (__data_load_start + SIZEOF (.data))

.noinit         0x00800068        0x0
                [!provide]                PROVIDE (__noinit_start, .)
 *(.noinit*)
                [!provide]                PROVIDE (__noinit_end, .)
                0x00800068                _end = .
                [!provide]                PROVIDE (__heap_start, .)

.eeprom         0x00810000        0x0
 *(.eeprom*)
                0x00810000                __eeprom_end = .

.fuse
 *(.fuse)
 *(.lfuse)
 *(.hfuse)
 *(.efuse)

.lock
 *(.lock*)

.signature
 *(.signature*)

.user_signatures
 *(.user_signatures*)

.stab
 *(.stab)

.stabstr
 *(.stabstr)

.stab.excl
 *(.stab.excl)

.stab.exclstr
 *(.stab.exclstr)

.stab.index
 *(.stab.index)

.stab.indexstr
 *(.stab.indexstr)

.comment        0x00000000       0x30
 *(.comment)
 .comment       0x00000000       0x30 DIO.o
                                 0x31 (size before relaxing)
 .comment       0x00000030       0x31 LCD.o
 .comment       0x00000030       0x31 LED.o
 .comment       0x00000030       0x31 main.o
 .comment       0x00000030       0x31 SPI.o
 .comment       0x00000030       0x31 UART.o

.note.gnu.avr.deviceinfo
                0x00000000       0x3c
 .note.gnu.avr.deviceinfo
                0x00000000       0x3c C:/Program Files (x86)/Atmel/Studio/7.0/Packs/Atmel/ATmega_DFP/1.3.300/gcc/dev/atmega32/avr5/crtatmega32.o

.note.gnu.build-id
 *(.note.gnu.build-id)

.debug
 *(.debug)

.line
 *(.line)

.debug_srcinfo
 *(.debug_srcinfo)

.debug_sfnames
 *(.debug_sfnames)

.debug_aranges  0x00000000      0x1b0
 *(.debug_aranges)
 .debug_aranges
                0x00000000       0x60 DIO.o
 .debug_aranges
                0x00000060       0x48 LCD.o
 .debug_aranges
                0x000000a8       0x58 LED.o
 .debug_aranges
                0x00000100       0x20 main.o
 .debug_aranges
                0x00000120       0x38 SPI.o
 .debug_aranges
                0x00000158       0x58 UART.o

.debug_pubnames
 *(.debug_pubnames)

.debug_info     0x00000000     0x1861
 *(.debug_info .gnu.linkonce.wi.*)
 .debug_info    0x00000000      0x4e6 C:/Program Files (x86)/Atmel/Studio/7.0/Packs/Atmel/ATmega_DFP/1.3.300/gcc/dev/atmega32/avr5/crtatmega32.o
 .debug_info    0x000004e6      0x2a5 DIO.o
 .debug_info    0x0000078b      0x72d LCD.o
 .debug_info    0x00000eb8      0x23b LED.o
 .debug_info    0x000010f3      0x3b8 main.o
 .debug_info    0x000014ab      0x102 SPI.o
 .debug_info    0x000015ad      0x2b4 UART.o

.debug_abbrev   0x00000000      0xa5c
 *(.debug_abbrev)
 .debug_abbrev  0x00000000      0x4a3 C:/Program Files (x86)/Atmel/Studio/7.0/Packs/Atmel/ATmega_DFP/1.3.300/gcc/dev/atmega32/avr5/crtatmega32.o
 .debug_abbrev  0x000004a3       0xa1 DIO.o
 .debug_abbrev  0x00000544      0x176 LCD.o
 .debug_abbrev  0x000006ba       0x6f LED.o
 .debug_abbrev  0x00000729      0x110 main.o
 .debug_abbrev  0x00000839       0x94 SPI.o
 .debug_abbrev  0x000008cd      0x18f UART.o

.debug_line     0x00000000      0xd8b
 *(.debug_line .debug_line.* .debug_line_end)
 .debug_line    0x00000000      0x115 C:/Program Files (x86)/Atmel/Studio/7.0/Packs/Atmel/ATmega_DFP/1.3.300/gcc/dev/atmega32/avr5/crtatmega32.o
 .debug_line    0x00000115      0x358 DIO.o
 .debug_line    0x0000046d      0x2c8 LCD.o
 .debug_line    0x00000735       0xe1 LED.o
 .debug_line    0x00000816      0x210 main.o
 .debug_line    0x00000a26      0x129 SPI.o
 .debug_line    0x00000b4f      0x23c UART.o

.debug_frame    0x00000000      0x2f0
 *(.debug_frame)
 .debug_frame   0x00000000       0xa4 DIO.o
 .debug_frame   0x000000a4       0xa0 LCD.o
 .debug_frame   0x00000144       0x94 LED.o
 .debug_frame   0x000001d8       0x24 main.o
 .debug_frame   0x000001fc       0x54 SPI.o
 .debug_frame   0x00000250       0xa0 UART.o

.debug_str      0x00000000      0x5f6
 *(.debug_str)
 .debug_str     0x00000000      0x196 C:/Program Files (x86)/Atmel/Studio/7.0/Packs/Atmel/ATmega_DFP/1.3.300/gcc/dev/atmega32/avr5/crtatmega32.o
 .debug_str     0x00000196      0x206 DIO.o
                                0x23a (size before relaxing)
 .debug_str     0x0000039c       0xcf LCD.o
                                0x271 (size before relaxing)
 .debug_str     0x0000046b       0x53 LED.o
                                0x1f4 (size before relaxing)
 .debug_str     0x000004be       0x90 main.o
                                0x280 (size before relaxing)
 .debug_str     0x0000054e       0x17 SPI.o
                                0x1be (size before relaxing)
 .debug_str     0x00000565       0x91 UART.o
                                0x270 (size before relaxing)

.debug_loc      0x00000000      0xa3f
 *(.debug_loc)
 .debug_loc     0x00000000      0x3bc DIO.o
 .debug_loc     0x000003bc      0x3b9 LCD.o
 .debug_loc     0x00000775      0x19b main.o
 .debug_loc     0x00000910      0x12f UART.o

.debug_macinfo
 *(.debug_macinfo)

.debug_weaknames
 *(.debug_weaknames)

.debug_funcnames
 *(.debug_funcnames)

.debug_typenames
 *(.debug_typenames)

.debug_varnames
 *(.debug_varnames)

.debug_pubtypes
 *(.debug_pubtypes)

.debug_ranges   0x00000000      0x150
 *(.debug_ranges)
 .debug_ranges  0x00000000       0x50 DIO.o
 .debug_ranges  0x00000050       0x38 LCD.o
 .debug_ranges  0x00000088       0x48 LED.o
 .debug_ranges  0x000000d0       0x10 main.o
 .debug_ranges  0x000000e0       0x28 SPI.o
 .debug_ranges  0x00000108       0x48 UART.o

.debug_macro
 *(.debug_macro)
OUTPUT(Final_Project.elf elf32-avr)
LOAD linker stubs
